// Jest Snapshot v1, https://goo.gl/fbAQLP

exports[`Integration test 1`] = `
"function index() {
  return import(
  /* webpackChunkName: \\"index\\" */
  '@/pages/index.vue');
}

function foo() {
  return import(
  /* webpackChunkName: \\"foo\\" */
  '@/pages/foo.vue');
}

function foo_index() {
  return import(
  /* webpackChunkName: \\"foo-index\\" */
  '@/pages/foo/index.vue');
}

function foo_bar() {
  return import(
  /* webpackChunkName: \\"foo-bar\\" */
  '@/pages/foo/bar.vue');
}

function foo__id() {
  return import(
  /* webpackChunkName: \\"foo-id\\" */
  '@/pages/foo/_id.vue');
}

function route() {
  return import(
  /* webpackChunkName: \\"route\\" */
  '@/pages/route.vue');
}

function user_register() {
  return import(
  /* webpackChunkName: \\"user.register\\" */
  '@/pages/user.register.vue');
}

function _id_index() {
  return import(
  /* webpackChunkName: \\"id-index\\" */
  '@/pages/_id/index.vue');
}

function _id_test() {
  return import(
  /* webpackChunkName: \\"id-test\\" */
  '@/pages/_id/test.vue');
}

export default [{
  name: 'index',
  path: '/',
  component: index
}, {
  path: '/foo',
  component: foo,
  children: [{
    name: 'foo',
    path: '',
    component: foo_index
  }, {
    name: 'foo-bar',
    path: 'bar',
    component: foo_bar
  }, {
    name: 'foo-id',
    path: ':id?',
    component: foo__id
  }]
}, {
  name: 'Test',
  path: '/route',
  component: route,
  meta: {
    \\"requiresAuth\\": true
  }
}, {
  name: 'user.register',
  path: '/user.register',
  component: user_register
}, {
  name: 'id',
  path: '/:id',
  component: _id_index
}, {
  name: 'id-test',
  path: '/:id/test',
  component: _id_test
}];"
`;
