// Jest Snapshot v1, https://goo.gl/fbAQLP

exports[`Integration test 1`] = `
"function Index() {
  return import(/* webpackChunkName: \\"index\\" */ '@/pages/index.vue')
}
function Foo() {
  return import(/* webpackChunkName: \\"foo\\" */ '@/pages/foo.vue')
}
function FooIndex() {
  return import(/* webpackChunkName: \\"foo-index\\" */ '@/pages/foo/index.vue')
}
function FooBar() {
  return import(/* webpackChunkName: \\"foo-bar\\" */ '@/pages/foo/bar.vue')
}
function FooId() {
  return import(/* webpackChunkName: \\"foo-id\\" */ '@/pages/foo/_id.vue')
}
function Meta() {
  return import(/* webpackChunkName: \\"meta\\" */ '@/pages/meta.vue')
}
function UserRegister() {
  return import(
    /* webpackChunkName: \\"user.register\\" */ '@/pages/user.register.vue'
  )
}
function IdIndex() {
  return import(/* webpackChunkName: \\"id-index\\" */ '@/pages/_id/index.vue')
}
function IdTest() {
  return import(/* webpackChunkName: \\"id-test\\" */ '@/pages/_id/test.vue')
}

export default [
  {
    name: 'index',
    path: '/',
    component: Index
  },
  {
    path: '/foo',
    component: Foo,
    children: [
      {
        name: 'foo-index',
        path: '',
        component: FooIndex
      },
      {
        name: 'foo-bar',
        path: 'bar',
        component: FooBar
      },
      {
        name: 'foo-id',
        path: ':id?',
        component: FooId
      }
    ]
  },
  {
    name: 'meta',
    path: '/meta',
    component: Meta,
    meta: {
      requiresAuth: true
    }
  },
  {
    name: 'user.register',
    path: '/user.register',
    component: UserRegister
  },
  {
    name: 'id-index',
    path: '/:id',
    component: IdIndex
  },
  {
    name: 'id-test',
    path: '/:id/test',
    component: IdTest
  }
]
"
`;
